+ cargo build --locked --message-format=json-render-diagnostics --package omnivox-cli --target x86_64-pc-windows-gnu
   Compiling proc-macro2 v1.0.106
   Compiling quote v1.0.45
   Compiling unicode-ident v1.0.24
   Compiling shlex v1.3.0
   Compiling find-msvc-tools v0.1.9
   Compiling windows_x86_64_gnu v0.52.6
   Compiling autocfg v1.5.0
   Compiling cfg-if v1.0.4
   Compiling glob v0.3.3
   Compiling once_cell v1.21.4
   Compiling libc v0.2.183
   Compiling prettyplease v0.2.37
   Compiling log v0.4.29
   Compiling rustix v0.38.44
   Compiling minimal-lexical v0.2.1
   Compiling bitflags v2.11.0
   Compiling serde_core v1.0.228
   Compiling either v1.15.0
   Compiling memchr v2.8.0
   Compiling linux-raw-sys v0.4.15
   Compiling regex-syntax v0.8.10
   Compiling libloading v0.8.9
   Compiling strength_reduce v0.2.4
   Compiling typenum v1.20.1
   Compiling cc v1.2.57
   Compiling windows-targets v0.52.6
   Compiling tracing-core v0.1.36
   Compiling home v0.5.12
   Compiling thiserror v1.0.69
   Compiling bindgen v0.69.5
   Compiling windows-link v0.2.1
   Compiling windows-result v0.1.2
   Compiling windows-result v0.2.0
   Compiling itertools v0.12.1
   Compiling windows-sys v0.61.2
   Compiling lazy_static v1.5.0
   Compiling cpal v0.15.3
   Compiling itoa v1.0.18
   Compiling byteorder v1.5.0
   Compiling clang-sys v1.8.1
   Compiling nom v7.1.3
   Compiling windows-core v0.54.0
   Compiling zeroize v1.9.0
   Compiling rustc-hash v1.1.0
   Compiling tinyvec_macros v0.1.1
   Compiling serde v1.0.228
   Compiling lazycell v1.3.0
   Compiling tinyvec v1.11.0
   Compiling num-traits v0.2.19
   Compiling aho-corasick v1.1.4
   Compiling tracing-log v0.2.0
   Compiling rustls-pki-types v1.15.1
   Compiling ogg v0.8.0
   Compiling syn v2.0.117
   Compiling cmake v0.1.57
   Compiling windows-strings v0.1.0
   Compiling sharded-slab v0.1.7
   Compiling getrandom v0.2.17
   Compiling hybrid-array v0.4.15
   Compiling thread_local v1.1.9
   Compiling pin-project-lite v0.2.17
   Compiling dasp_sample v0.11.0
   Compiling smallvec v1.15.1
   Compiling regex-automata v0.4.14
   Compiling windows v0.54.0
   Compiling zmij v1.0.23
   Compiling httparse v1.10.1
   Compiling untrusted v0.9.0
   Compiling anyhow v1.0.102
   Compiling crypto-common v0.2.2
   Compiling block-buffer v0.12.1
   Compiling lewton v0.10.2
   Compiling nu-ansi-term v0.50.3
   Compiling num-integer v0.1.46
   Compiling num-complex v0.4.6
   Compiling const-oid v0.10.2
   Compiling bytes v1.11.1
   Compiling tracing-subscriber v0.3.23
   Compiling rustls v0.23.45
   Compiling transpose v0.2.3
   Compiling primal-check v0.3.4
   Compiling hound v3.5.1
   Compiling serde_json v1.0.151
   Compiling which v4.4.2
   Compiling rustfft v6.4.1
   Compiling ring v0.17.14
   Compiling cexpr v0.6.0
   Compiling omnivox-tts v1.14.0 (/tmp/omnivox-onset-fix-_2s0bzwk/release-source/omnivox-tts)
   Compiling http v1.5.0
   Compiling digest v0.11.3
   Compiling base64 v0.22.1
   Compiling cpufeatures v0.3.1
   Compiling base64 v0.23.1
   Compiling subtle v2.6.1
   Compiling sha2 v0.11.0
   Compiling webpki-roots v1.0.9
   Compiling utf8-zero v0.8.1
   Compiling omnivox-cli v1.14.0 (/tmp/omnivox-onset-fix-_2s0bzwk/release-source/omnivox-cli)
   Compiling percent-encoding v2.3.2
   Compiling regex v1.12.3
   Compiling ureq-proto v0.6.3
   Compiling thiserror-impl v1.0.69
   Compiling windows-implement v0.58.0
   Compiling windows-interface v0.58.0
   Compiling serde_derive v1.0.228
   Compiling tracing-attributes v0.1.31
   Compiling windows-core v0.58.0
   Compiling windows v0.58.0
   Compiling tracing v0.1.44
   Compiling rustls-webpki v0.103.15
   Compiling realfft v3.5.0
   Compiling rubato v0.16.2
   Compiling omnivox-core v1.14.0 (/tmp/omnivox-onset-fix-_2s0bzwk/release-source/omnivox-core)
   Compiling espeak-rs-sys v0.1.9
   Compiling ureq v3.3.0
   Compiling rodio v0.19.0
   Compiling omnivox-audio v1.14.0 (/tmp/omnivox-onset-fix-_2s0bzwk/release-source/omnivox-audio)
    Finished `dev` profile [unoptimized + debuginfo] target(s) in 55.54s
error: Cargo completed without reporting a usable espeak-rs-sys data output
