    Checking cfg-if v1.0.4
    Checking once_cell v1.21.4
    Checking memchr v2.8.0
    Checking strength_reduce v0.2.4
    Checking regex-syntax v0.8.10
    Checking log v0.4.29
    Checking bitflags v2.11.0
    Checking tinyvec_macros v0.1.1
    Checking byteorder v1.5.0
    Checking lazy_static v1.5.0
    Checking nu-ansi-term v0.50.3
    Checking pin-project-lite v0.2.17
    Checking dasp_sample v0.11.0
    Checking smallvec v1.15.1
    Checking hound v3.5.1
    Checking num-traits v0.2.19
    Checking thread_local v1.1.9
    Checking libc v0.2.183
    Checking anyhow v1.0.102
    Checking libloading v0.8.9
    Checking thiserror v1.0.69
    Checking tinyvec v1.11.0
    Checking sharded-slab v0.1.7
    Checking tracing-core v0.1.36
    Checking ogg v0.8.0
    Checking lewton v0.10.2
    Checking tracing-log v0.2.0
    Checking tracing v0.1.44
    Checking aho-corasick v1.1.4
    Checking tracing-subscriber v0.3.23
    Checking num-integer v0.1.46
    Checking num-complex v0.4.6
    Checking transpose v0.2.3
    Checking primal-check v0.3.4
    Checking rustfft v6.4.1
    Checking alsa-sys v0.3.1
    Checking alsa v0.9.1
    Checking regex-automata v0.4.14
    Checking cpal v0.15.3
    Checking rodio v0.19.0
    Checking regex v1.12.3
    Checking omnivox-core v1.13.0 (/tmp/omnivox-idle-onset-release-tfthheo6/omnivox-core)
    Checking realfft v3.5.0
    Checking rubato v0.16.2
    Checking omnivox-audio v1.13.0 (/tmp/omnivox-idle-onset-release-tfthheo6/omnivox-audio)
    Finished `dev` profile [unoptimized + debuginfo] target(s) in 5.39s
