   Compiling autocfg v1.5.0
   Compiling proc-macro2 v1.0.106
   Compiling unicode-ident v1.0.24
   Compiling quote v1.0.45
   Compiling windows_x86_64_gnu v0.52.6
   Compiling once_cell v1.21.4
   Compiling windows-link v0.2.1
   Compiling memchr v2.8.0
   Compiling thiserror v1.0.69
   Compiling strength_reduce v0.2.4
   Compiling byteorder v1.5.0
   Compiling regex-syntax v0.8.10
   Compiling lazy_static v1.5.0
   Compiling cfg-if v1.0.4
   Compiling log v0.4.29
   Compiling cpal v0.15.3
   Compiling tinyvec_macros v0.1.1
   Compiling dasp_sample v0.11.0
   Compiling anyhow v1.0.102
   Compiling smallvec v1.15.1
   Compiling pin-project-lite v0.2.17
   Compiling hound v3.5.1
   Compiling windows-sys v0.61.2
   Compiling sharded-slab v0.1.7
   Compiling tinyvec v1.11.0
   Compiling thread_local v1.1.9
   Compiling tracing-core v0.1.36
   Compiling ogg v0.8.0
   Compiling windows-targets v0.52.6
   Compiling windows-result v0.1.2
   Compiling num-traits v0.2.19
   Compiling windows-core v0.54.0
   Compiling lewton v0.10.2
   Compiling tracing-log v0.2.0
   Compiling aho-corasick v1.1.4
   Compiling syn v2.0.117
   Compiling windows v0.54.0
   Compiling nu-ansi-term v0.50.3
   Compiling tracing-subscriber v0.3.23
   Compiling num-integer v0.1.46
   Compiling num-complex v0.4.6
   Compiling transpose v0.2.3
   Compiling primal-check v0.3.4
   Compiling rustfft v6.4.1
   Compiling regex-automata v0.4.14
   Compiling regex v1.12.3
   Compiling thiserror-impl v1.0.69
   Compiling tracing-attributes v0.1.31
   Compiling tracing v0.1.44
   Compiling omnivox-core v1.13.0 (/tmp/omnivox-idle-onset-release-tfthheo6/omnivox-core)
   Compiling realfft v3.5.0
   Compiling rubato v0.16.2
   Compiling rodio v0.19.0
   Compiling omnivox-audio v1.13.0 (/tmp/omnivox-idle-onset-release-tfthheo6/omnivox-audio)
    Finished `test` profile [unoptimized + debuginfo] target(s) in 22.99s
