gap-0 N 10 loss [0, 0, 0, 0, 0, 0, 0, 0, 0, 0] corr 0.99998
gap-10 N 10 loss [0, 0, 0, 0, 0, 0, 0, 0, 0, 0] corr 0.99998
gap-2 N 10 loss [0, 0, 0, 0, 0, 0, 0, 0, 0, 0] corr 0.99998
gap-20 N 10 loss [0, 0, 0, 0, 0, 0, 0, 0, 0, 0] corr 0.99998
helper-16000-1-streaming-fast N 10 loss [346, 347, 347, 346, 347, 347, 347, 346, 347, 347] corr 0.99998
helper-22050-1-buffered-fast N 10 loss [0, 0, 0, 0, 0, 0, 0, 0, 0, 0] corr 0.99998
helper-22050-1-streaming-fast N 10 loss [250, 250, 250, 250, 250, 250, 251, 250, 250, 251] corr 0.99998
helper-22050-1-streaming-lead N 10 loss [250, 249, 249, 250, 250, 249, 249, 250, 249, 249] corr 0.99998
helper-44100-2-buffered-fast N 10 loss [0, 0, 0, 0, 0, 0, 0, 0, 0, 0] corr 0.99998
wav-cold N 1 loss [626] corr 0.99998
wav-cold1 N 1 loss [185] corr 0.99998
wav-cold2 N 1 loss [0] corr 0.99998
wav-cold3 N 1 loss [0] corr 0.99998
wav-cold4 N 1 loss [0] corr 0.99998
wav-cold5 N 1 loss [0] corr 0.99998
wav-idle N 1 loss [0] corr 0.99998
wav-lead20-1 N 1 loss [0] corr 0.999979
wav-lead20-2 N 1 loss [185] corr 0.999979
wav-lead20-3 N 1 loss [185] corr 0.999979
wav-shortidle N 1 loss [0] corr 0.99998
